#-----------------------------------------------------------
# Vivado v2025.1 (64-bit)
# SW Build 6140274 on Thu May 22 00:12:29 MDT 2025
# IP Build 6138677 on Thu May 22 03:10:11 MDT 2025
# SharedData Build 6139179 on Tue May 20 17:58:58 MDT 2025
# Start of session at: Sat Jul 19 16:49:38 2025
# Process ID         : 19768
# Current directory  : C:/Users/aarti/alu_zed/alu_zed.runs/impl_1
# Command line       : vivado.exe -log alu_zed.vdi -applog -product Vivado -messageDb vivado.pb -mode batch -source alu_zed.tcl -notrace
# Log file           : C:/Users/aarti/alu_zed/alu_zed.runs/impl_1/alu_zed.vdi
# Journal file       : C:/Users/aarti/alu_zed/alu_zed.runs/impl_1\vivado.jou
# Running On         : Desktop-Aarti
# Platform           : Windows Server 2016 or Windows 10
# Operating System   : 26100
# Processor Detail   : 12th Gen Intel(R) Core(TM) i5-12500H
# CPU Frequency      : 3110 MHz
# CPU Physical cores : 12
# CPU Logical cores  : 16
# Host memory        : 16869 MB
# Swap memory        : 12884 MB
# Total Virtual      : 29754 MB
# Available Virtual  : 8691 MB
#-----------------------------------------------------------
source alu_zed.tcl -notrace
